2024-09-08 12:17:20,561 - test_logger - INFO - Starting test: test_example
2024-09-08 12:17:20,563 - test_logger - INFO - Finished test: test_example
2024-09-08 12:17:25,699 - test_logger - INFO - Starting test: test_example_2
2024-09-08 12:17:25,699 - test_logger - INFO - Starting test: test_example_2
2024-09-08 12:17:26,937 - test_logger - INFO - Finished test: test_example_2
2024-09-08 12:17:26,937 - test_logger - INFO - Finished test: test_example_2
2024-09-08 12:52:18,564 - test_logger - INFO - Starting test: test_example
2024-09-08 12:52:18,566 - test_logger - INFO - Finished test: test_example
2024-09-08 12:52:20,440 - test_logger - INFO - Starting test: test_example_2
2024-09-08 12:52:20,440 - test_logger - INFO - Starting test: test_example_2
2024-09-08 12:52:21,685 - test_logger - INFO - Finished test: test_example_2
2024-09-08 12:52:21,685 - test_logger - INFO - Finished test: test_example_2
2024-09-08 13:04:52,271 - test_logger - INFO - Starting test: test_example
2024-09-08 13:04:52,276 - test_logger - INFO - Finished test: test_example
2024-09-08 13:04:56,086 - test_logger - INFO - Starting test: test_example_2
2024-09-08 13:04:56,086 - test_logger - INFO - Starting test: test_example_2
2024-09-08 13:04:57,426 - test_logger - INFO - Finished test: test_example_2
2024-09-08 13:04:57,426 - test_logger - INFO - Finished test: test_example_2
2024-09-08 13:10:34,702 - test_logger - INFO - Starting test: test_example
2024-09-08 13:10:34,704 - test_logger - INFO - Finished test: test_example
2024-09-08 13:10:36,815 - test_logger - INFO - Starting test: test_example_2
2024-09-08 13:10:36,815 - test_logger - INFO - Starting test: test_example_2
2024-09-08 13:10:38,023 - test_logger - INFO - Finished test: test_example_2
2024-09-08 13:10:38,023 - test_logger - INFO - Finished test: test_example_2
2024-09-08 13:16:34,770 - test_logger - INFO - Starting test: test_example
2024-09-08 13:16:34,772 - test_logger - INFO - Finished test: test_example
2024-09-08 13:16:37,318 - test_logger - INFO - Starting test: test_example_2
2024-09-08 13:16:37,318 - test_logger - INFO - Starting test: test_example_2
2024-09-08 13:16:38,638 - test_logger - INFO - Finished test: test_example_2
2024-09-08 13:16:38,638 - test_logger - INFO - Finished test: test_example_2
2024-09-08 13:16:38,640 - test_logger - INFO - Starting test: test_open_speedtest_website
2024-09-08 13:16:38,640 - test_logger - INFO - Starting test: test_open_speedtest_website
2024-09-08 13:16:38,640 - test_logger - INFO - Starting test: test_open_speedtest_website
2024-09-08 13:16:47,355 - test_logger - INFO - Finished test: test_open_speedtest_website
2024-09-08 13:16:47,355 - test_logger - INFO - Finished test: test_open_speedtest_website
2024-09-08 13:16:47,355 - test_logger - INFO - Finished test: test_open_speedtest_website
2024-09-08 13:16:47,357 - test_logger - INFO - Starting test: test_run_speed_test
2024-09-08 13:16:47,357 - test_logger - INFO - Starting test: test_run_speed_test
2024-09-08 13:16:47,357 - test_logger - INFO - Starting test: test_run_speed_test
2024-09-08 13:16:47,357 - test_logger - INFO - Starting test: test_run_speed_test
2024-09-08 13:17:16,813 - test_logger - INFO - Finished test: test_run_speed_test
2024-09-08 13:17:16,813 - test_logger - INFO - Finished test: test_run_speed_test
2024-09-08 13:17:16,813 - test_logger - INFO - Finished test: test_run_speed_test
2024-09-08 13:17:16,813 - test_logger - INFO - Finished test: test_run_speed_test
2024-09-08 13:27:11,608 - test_logger - INFO - Starting test: test_example
2024-09-08 13:27:11,612 - test_logger - INFO - Finished test: test_example
2024-09-08 13:27:14,340 - test_logger - INFO - Starting test: test_example_2
2024-09-08 13:27:14,340 - test_logger - INFO - Starting test: test_example_2
2024-09-08 13:27:15,508 - test_logger - INFO - Finished test: test_example_2
2024-09-08 13:27:15,508 - test_logger - INFO - Finished test: test_example_2
2024-09-08 13:27:15,511 - test_logger - INFO - Starting test: test_search_speed_test
2024-09-08 13:27:15,511 - test_logger - INFO - Starting test: test_search_speed_test
2024-09-08 13:27:15,511 - test_logger - INFO - Starting test: test_search_speed_test
2024-09-08 13:27:17,535 - test_logger - INFO - Finished test: test_search_speed_test
2024-09-08 13:27:17,535 - test_logger - INFO - Finished test: test_search_speed_test
2024-09-08 13:27:17,535 - test_logger - INFO - Finished test: test_search_speed_test
2024-09-08 13:32:48,382 - test_logger - INFO - Starting test: test_example
2024-09-08 13:32:48,383 - test_logger - INFO - Finished test: test_example
2024-09-08 13:32:50,506 - test_logger - INFO - Starting test: test_example_2
2024-09-08 13:32:50,506 - test_logger - INFO - Starting test: test_example_2
2024-09-08 13:32:51,953 - test_logger - INFO - Finished test: test_example_2
2024-09-08 13:32:51,953 - test_logger - INFO - Finished test: test_example_2
2024-09-08 13:32:51,956 - test_logger - INFO - Starting test: test_search_speed_test
2024-09-08 13:32:51,956 - test_logger - INFO - Starting test: test_search_speed_test
2024-09-08 13:32:51,956 - test_logger - INFO - Starting test: test_search_speed_test
2024-09-08 13:32:53,932 - test_logger - INFO - Finished test: test_search_speed_test
2024-09-08 13:32:53,932 - test_logger - INFO - Finished test: test_search_speed_test
2024-09-08 13:32:53,932 - test_logger - INFO - Finished test: test_search_speed_test
2024-09-08 13:32:53,934 - test_logger - INFO - Starting test: test_run_speed_test
2024-09-08 13:32:53,934 - test_logger - INFO - Starting test: test_run_speed_test
2024-09-08 13:32:53,934 - test_logger - INFO - Starting test: test_run_speed_test
2024-09-08 13:32:53,934 - test_logger - INFO - Starting test: test_run_speed_test
2024-09-08 13:33:06,785 - test_logger - INFO - Finished test: test_run_speed_test
2024-09-08 13:33:06,785 - test_logger - INFO - Finished test: test_run_speed_test
2024-09-08 13:33:06,785 - test_logger - INFO - Finished test: test_run_speed_test
2024-09-08 13:33:06,785 - test_logger - INFO - Finished test: test_run_speed_test
2024-09-08 23:57:02,822 - test_logger - INFO - Starting test: test_example
2024-09-08 23:57:02,824 - test_logger - INFO - Finished test: test_example
2024-09-09 00:04:13,221 - test_logger - INFO - Starting test: test_example
2024-09-09 00:04:13,222 - test_logger - INFO - Finished test: test_example
2024-09-09 00:04:41,141 - test_logger - INFO - Starting test: test_example
2024-09-09 00:04:41,142 - test_logger - INFO - Finished test: test_example
2024-09-09 00:05:04,572 - test_logger - INFO - Starting test: test_example
2024-09-09 00:05:04,573 - test_logger - INFO - Finished test: test_example
2024-09-09 00:05:46,838 - test_logger - INFO - Starting test: test_example
2024-09-09 00:05:46,840 - test_logger - INFO - Finished test: test_example
2024-09-09 00:07:41,088 - test_logger - INFO - Starting test: test_example
2024-09-09 00:07:41,093 - test_logger - INFO - Finished test: test_example
2024-09-09 00:07:49,865 - test_logger - INFO - Starting test: test_example
2024-09-09 00:07:49,867 - test_logger - INFO - Finished test: test_example
2024-09-09 00:12:42,915 - test_logger - INFO - Starting test: test_example
2024-09-09 00:12:42,917 - test_logger - INFO - Finished test: test_example
2024-09-09 00:19:42,308 - test_logger - INFO - Starting test: test_example
2024-09-09 00:19:42,309 - test_logger - INFO - Finished test: test_example
2024-09-09 00:19:53,056 - test_logger - INFO - Starting test: test_example_2
2024-09-09 00:19:53,056 - test_logger - INFO - Starting test: test_example_2
2024-09-09 00:19:54,836 - test_logger - INFO - Finished test: test_example_2
2024-09-09 00:19:54,836 - test_logger - INFO - Finished test: test_example_2
2024-09-09 00:43:21,085 - test_logger - INFO - Starting test: test_example
2024-09-09 00:43:21,087 - test_logger - INFO - Finished test: test_example
2024-09-09 00:43:27,802 - test_logger - INFO - Starting test: test_example_2
2024-09-09 00:43:27,802 - test_logger - INFO - Starting test: test_example_2
2024-09-09 00:43:29,173 - test_logger - INFO - Finished test: test_example_2
2024-09-09 00:43:29,173 - test_logger - INFO - Finished test: test_example_2
2024-09-09 00:46:20,989 - test_logger - INFO - Starting test: test_example
2024-09-09 00:46:20,991 - test_logger - INFO - Finished test: test_example
2024-09-09 00:46:28,638 - test_logger - INFO - Starting test: test_example_2
2024-09-09 00:46:28,638 - test_logger - INFO - Starting test: test_example_2
2024-09-09 00:46:29,914 - test_logger - INFO - Finished test: test_example_2
2024-09-09 00:46:29,914 - test_logger - INFO - Finished test: test_example_2
2024-09-09 00:48:46,915 - test_logger - INFO - Starting test: test_example
2024-09-09 00:48:46,917 - test_logger - INFO - Finished test: test_example
2024-09-09 00:48:53,081 - test_logger - INFO - Starting test: test_example_2
2024-09-09 00:48:53,081 - test_logger - INFO - Starting test: test_example_2
2024-09-09 00:48:54,287 - test_logger - INFO - Finished test: test_example_2
2024-09-09 00:48:54,287 - test_logger - INFO - Finished test: test_example_2
2024-09-09 00:48:54,292 - test_logger - INFO - Starting test: test_search_speed_test
2024-09-09 00:48:54,292 - test_logger - INFO - Starting test: test_search_speed_test
2024-09-09 00:48:54,292 - test_logger - INFO - Starting test: test_search_speed_test
2024-09-09 00:48:54,294 - test_logger - INFO - Finished test: test_search_speed_test
2024-09-09 00:48:54,294 - test_logger - INFO - Finished test: test_search_speed_test
2024-09-09 00:48:54,294 - test_logger - INFO - Finished test: test_search_speed_test
2024-09-09 00:54:03,306 - test_logger - INFO - Starting test: test_example
2024-09-09 00:54:03,308 - test_logger - INFO - Finished test: test_example
2024-09-09 00:54:10,371 - test_logger - INFO - Starting test: test_example_2
2024-09-09 00:54:10,371 - test_logger - INFO - Starting test: test_example_2
2024-09-09 00:54:11,638 - test_logger - INFO - Finished test: test_example_2
2024-09-09 00:54:11,638 - test_logger - INFO - Finished test: test_example_2
2024-09-09 00:54:11,641 - test_logger - INFO - Starting test: test_search_speed_test
2024-09-09 00:54:11,641 - test_logger - INFO - Starting test: test_search_speed_test
2024-09-09 00:54:11,641 - test_logger - INFO - Starting test: test_search_speed_test
2024-09-09 00:54:11,642 - test_logger - INFO - Finished test: test_search_speed_test
2024-09-09 00:54:11,642 - test_logger - INFO - Finished test: test_search_speed_test
2024-09-09 00:54:11,642 - test_logger - INFO - Finished test: test_search_speed_test
2024-09-09 00:57:35,386 - test_logger - INFO - Starting test: test_example
2024-09-09 00:57:35,389 - test_logger - INFO - Finished test: test_example
2024-09-09 00:57:42,233 - test_logger - INFO - Starting test: test_example_2
2024-09-09 00:57:42,233 - test_logger - INFO - Starting test: test_example_2
2024-09-09 00:57:43,541 - test_logger - INFO - Finished test: test_example_2
2024-09-09 00:57:43,541 - test_logger - INFO - Finished test: test_example_2
2024-09-09 00:57:43,545 - test_logger - INFO - Starting test: test_search_speed_test
2024-09-09 00:57:43,545 - test_logger - INFO - Starting test: test_search_speed_test
2024-09-09 00:57:43,545 - test_logger - INFO - Starting test: test_search_speed_test
2024-09-09 00:57:43,554 - test_logger - INFO - Finished test: test_search_speed_test
2024-09-09 00:57:43,554 - test_logger - INFO - Finished test: test_search_speed_test
2024-09-09 00:57:43,554 - test_logger - INFO - Finished test: test_search_speed_test
2024-09-09 11:40:00,598 - test_logger - INFO - Starting test: test_example
2024-09-09 11:40:00,599 - test_logger - INFO - Finished test: test_example
2024-09-09 11:40:09,557 - test_logger - INFO - Starting test: test_example_2
2024-09-09 11:40:09,557 - test_logger - INFO - Starting test: test_example_2
2024-09-09 11:40:11,010 - test_logger - INFO - Finished test: test_example_2
2024-09-09 11:40:11,010 - test_logger - INFO - Finished test: test_example_2
2024-09-09 11:40:11,013 - test_logger - INFO - Starting test: test_search_speed_test
2024-09-09 11:40:11,013 - test_logger - INFO - Starting test: test_search_speed_test
2024-09-09 11:40:11,013 - test_logger - INFO - Starting test: test_search_speed_test
2024-09-09 11:40:11,017 - test_logger - INFO - Finished test: test_search_speed_test
2024-09-09 11:40:11,017 - test_logger - INFO - Finished test: test_search_speed_test
2024-09-09 11:40:11,017 - test_logger - INFO - Finished test: test_search_speed_test
2024-09-09 18:26:51,606 - test_logger - INFO - Starting test: test_example
2024-09-09 18:26:51,608 - test_logger - INFO - Finished test: test_example
2024-09-09 18:26:59,858 - test_logger - INFO - Starting test: test_example_2
2024-09-09 18:26:59,858 - test_logger - INFO - Starting test: test_example_2
2024-09-09 18:27:01,194 - test_logger - INFO - Finished test: test_example_2
2024-09-09 18:27:01,194 - test_logger - INFO - Finished test: test_example_2
2024-09-09 18:27:01,228 - test_logger - INFO - Starting test: test_search_speed_test
2024-09-09 18:27:01,228 - test_logger - INFO - Starting test: test_search_speed_test
2024-09-09 18:27:01,228 - test_logger - INFO - Starting test: test_search_speed_test
2024-09-09 18:27:01,234 - test_logger - INFO - Finished test: test_search_speed_test
2024-09-09 18:27:01,234 - test_logger - INFO - Finished test: test_search_speed_test
2024-09-09 18:27:01,234 - test_logger - INFO - Finished test: test_search_speed_test
2024-09-09 18:49:28,159 - test_logger - INFO - Starting test: test_example
2024-09-09 18:49:28,161 - test_logger - INFO - Finished test: test_example
2024-09-09 18:49:35,311 - test_logger - INFO - Starting test: test_example_2
2024-09-09 18:49:35,311 - test_logger - INFO - Starting test: test_example_2
2024-09-09 18:49:37,255 - test_logger - INFO - Finished test: test_example_2
2024-09-09 18:49:37,255 - test_logger - INFO - Finished test: test_example_2
2024-09-09 18:49:37,258 - test_logger - INFO - Starting test: test_search_speed_test
2024-09-09 18:49:37,258 - test_logger - INFO - Starting test: test_search_speed_test
2024-09-09 18:49:37,258 - test_logger - INFO - Starting test: test_search_speed_test
2024-09-09 18:49:37,260 - test_logger - INFO - Finished test: test_search_speed_test
2024-09-09 18:49:37,260 - test_logger - INFO - Finished test: test_search_speed_test
2024-09-09 18:49:37,260 - test_logger - INFO - Finished test: test_search_speed_test
2024-09-09 18:51:54,038 - test_logger - INFO - Starting test: test_example
2024-09-09 18:51:54,040 - test_logger - INFO - Finished test: test_example
2024-09-09 18:52:00,782 - test_logger - INFO - Starting test: test_example_2
2024-09-09 18:52:00,782 - test_logger - INFO - Starting test: test_example_2
2024-09-09 18:52:02,671 - test_logger - INFO - Finished test: test_example_2
2024-09-09 18:52:02,671 - test_logger - INFO - Finished test: test_example_2
2024-09-09 18:52:02,675 - test_logger - INFO - Starting test: test_search_speed_test
2024-09-09 18:52:02,675 - test_logger - INFO - Starting test: test_search_speed_test
2024-09-09 18:52:02,675 - test_logger - INFO - Starting test: test_search_speed_test
2024-09-09 18:52:02,677 - test_logger - INFO - Finished test: test_search_speed_test
2024-09-09 18:52:02,677 - test_logger - INFO - Finished test: test_search_speed_test
2024-09-09 18:52:02,677 - test_logger - INFO - Finished test: test_search_speed_test
2024-09-09 18:56:31,416 - test_logger - INFO - Starting test: test_example
2024-09-09 18:56:31,417 - test_logger - INFO - Finished test: test_example
2024-09-09 18:56:37,673 - test_logger - INFO - Starting test: test_example_2
2024-09-09 18:56:37,673 - test_logger - INFO - Starting test: test_example_2
2024-09-09 18:56:38,976 - test_logger - INFO - Finished test: test_example_2
2024-09-09 18:56:38,976 - test_logger - INFO - Finished test: test_example_2
2024-09-09 18:56:38,982 - test_logger - INFO - Starting test: test_search_speed_test
2024-09-09 18:56:38,982 - test_logger - INFO - Starting test: test_search_speed_test
2024-09-09 18:56:38,982 - test_logger - INFO - Starting test: test_search_speed_test
2024-09-09 18:56:38,984 - test_logger - INFO - Finished test: test_search_speed_test
2024-09-09 18:56:38,984 - test_logger - INFO - Finished test: test_search_speed_test
2024-09-09 18:56:38,984 - test_logger - INFO - Finished test: test_search_speed_test
2024-09-09 18:58:55,103 - test_logger - INFO - Starting test: test_example
2024-09-09 18:58:55,105 - test_logger - INFO - Finished test: test_example
2024-09-09 18:59:01,254 - test_logger - INFO - Starting test: test_example_2
2024-09-09 18:59:01,254 - test_logger - INFO - Starting test: test_example_2
2024-09-09 18:59:02,830 - test_logger - INFO - Finished test: test_example_2
2024-09-09 18:59:02,830 - test_logger - INFO - Finished test: test_example_2
2024-09-09 18:59:02,834 - test_logger - INFO - Starting test: test_search_speed_test
2024-09-09 18:59:02,834 - test_logger - INFO - Starting test: test_search_speed_test
2024-09-09 18:59:02,834 - test_logger - INFO - Starting test: test_search_speed_test
2024-09-09 18:59:02,835 - test_logger - INFO - Finished test: test_search_speed_test
2024-09-09 18:59:02,835 - test_logger - INFO - Finished test: test_search_speed_test
2024-09-09 18:59:02,835 - test_logger - INFO - Finished test: test_search_speed_test
2024-11-05 13:00:40,434 - test_logger - INFO - Starting test: test_example
2024-11-05 13:00:40,438 - test_logger - INFO - Finished test: test_example
2024-11-05 13:01:18,777 - test_logger - INFO - Starting test: test_example
2024-11-05 13:01:18,779 - test_logger - INFO - Finished test: test_example
2024-11-05 13:01:31,937 - test_logger - INFO - Starting test: test_example_2
2024-11-05 13:01:31,937 - test_logger - INFO - Starting test: test_example_2
2024-11-05 13:01:35,727 - test_logger - INFO - Finished test: test_example_2
2024-11-05 13:01:35,727 - test_logger - INFO - Finished test: test_example_2
2024-11-05 13:01:35,754 - test_logger - INFO - Starting test: test_search_speed_test
2024-11-05 13:01:35,754 - test_logger - INFO - Starting test: test_search_speed_test
2024-11-05 13:01:35,754 - test_logger - INFO - Starting test: test_search_speed_test
2024-11-05 13:01:35,754 - test_logger - INFO - Finished test: test_search_speed_test
2024-11-05 13:01:35,754 - test_logger - INFO - Finished test: test_search_speed_test
2024-11-05 13:01:35,754 - test_logger - INFO - Finished test: test_search_speed_test
2024-11-09 23:48:57,647 - test_logger - INFO - Starting test: test_example
2024-11-09 23:48:57,650 - test_logger - INFO - Finished test: test_example
2024-11-09 23:49:06,996 - test_logger - INFO - Starting test: test_example_2
2024-11-09 23:49:06,996 - test_logger - INFO - Starting test: test_example_2
2024-11-09 23:49:09,369 - test_logger - INFO - Finished test: test_example_2
2024-11-09 23:49:09,369 - test_logger - INFO - Finished test: test_example_2
2024-11-09 23:49:09,399 - test_logger - INFO - Starting test: test_search_speed_test
2024-11-09 23:49:09,399 - test_logger - INFO - Starting test: test_search_speed_test
2024-11-09 23:49:09,399 - test_logger - INFO - Starting test: test_search_speed_test
2024-11-09 23:49:09,402 - test_logger - INFO - Finished test: test_search_speed_test
2024-11-09 23:49:09,402 - test_logger - INFO - Finished test: test_search_speed_test
2024-11-09 23:49:09,402 - test_logger - INFO - Finished test: test_search_speed_test
